                                 Started job on |	Aug 25 13:08:43
                             Started mapping on |	Aug 25 13:08:43
                                    Finished on |	Aug 25 13:08:43
       Mapping speed, Million of reads per hour |	inf

                          Number of input reads |	1
                      Average input read length |	60
                                    UNIQUE READS:
                   Uniquely mapped reads number |	1
                        Uniquely mapped reads % |	100.00%
                          Average mapped length |	60.00
                       Number of splices: Total |	1
            Number of splices: Annotated (sjdb) |	1
                       Number of splices: GT/AG |	0
                       Number of splices: GC/AG |	0
                       Number of splices: AT/AC |	0
               Number of splices: Non-canonical |	1
                      Mismatch rate per base, % |	0.00%
                         Deletion rate per base |	0.00%
                        Deletion average length |	0.00
                        Insertion rate per base |	0.00%
                       Insertion average length |	0.00
                             MULTI-MAPPING READS:
        Number of reads mapped to multiple loci |	0
             % of reads mapped to multiple loci |	0.00%
        Number of reads mapped to too many loci |	0
             % of reads mapped to too many loci |	0.00%
                                  UNMAPPED READS:
  Number of reads unmapped: too many mismatches |	0
       % of reads unmapped: too many mismatches |	0.00%
            Number of reads unmapped: too short |	0
                 % of reads unmapped: too short |	0.00%
                Number of reads unmapped: other |	0
                     % of reads unmapped: other |	0.00%
                                  CHIMERIC READS:
                       Number of chimeric reads |	0
                            % of chimeric reads |	0.00%
